Starting a Gradle Daemon (subsequent builds will be faster)

> Configure project :app
WARNING: The option setting 'android.usesSdkInManifest.disallowed=false' is deprecated.
The current default is 'true'.
It will be removed in version 10.0 of the Android Gradle plugin.
WARNING: The option setting 'android.sdk.defaultTargetSdkToCompileSdkIfUnset=false' is deprecated.
The current default is 'true'.
It will be removed in version 10.0 of the Android Gradle plugin.
WARNING: The option setting 'android.enableAppCompileTimeRClass=false' is deprecated.
The current default is 'true'.
It will be removed in version 10.0 of the Android Gradle plugin.
WARNING: The option setting 'android.builtInKotlin=false' is deprecated.
The current default is 'true'.
It will be removed in version 10.0 of the Android Gradle plugin.
WARNING: The option setting 'android.newDsl=false' is deprecated.
The current default is 'true'.
It will be removed in version 10.0 of the Android Gradle plugin.
WARNING: The option setting 'android.r8.optimizedResourceShrinking=false' is deprecated.
The current default is 'true'.
It will be removed in version 10.0 of the Android Gradle plugin.
WARNING: The option setting 'android.defaults.buildfeatures.resvalues=true' is deprecated.
The current default is 'false'.
It will be removed in version 10.0 of the Android Gradle plugin.
WARNING: API 'applicationVariants' is obsolete and has been replaced with 'AndroidComponentsExtension'.
It will be removed in version 10.0 of the Android Gradle plugin.
The legacy variant API is disabled by default in AGP 9.0, but can be re-enabled by adding 
    android.newDsl=false
to this project's gradle.properties file.
For more information, see http://developer.android.com/build/r/new-dsl.

To determine what is calling applicationVariants, use -Pandroid.debug.obsoleteApi=true on the command line to display more information.
WARNING: API 'testVariants' is obsolete and has been replaced with 'AndroidComponentsExtension'.
It will be removed in version 10.0 of the Android Gradle plugin.
The legacy variant API is disabled by default in AGP 9.0, but can be re-enabled by adding 
    android.newDsl=false
to this project's gradle.properties file.
For more information, see http://developer.android.com/build/r/new-dsl.

To determine what is calling testVariants, use -Pandroid.debug.obsoleteApi=true on the command line to display more information.
WARNING: API 'unitTestVariants' is obsolete and has been replaced with 'AndroidComponentsExtension'.
It will be removed in version 10.0 of the Android Gradle plugin.
The legacy variant API is disabled by default in AGP 9.0, but can be re-enabled by adding 
    android.newDsl=false
to this project's gradle.properties file.
For more information, see http://developer.android.com/build/r/new-dsl.

To determine what is calling unitTestVariants, use -Pandroid.debug.obsoleteApi=true on the command line to display more information.
w: file:///E:/VPN/v2rayNG/V2rayNG/app/build.gradle.kts:7:1: 'fun Project.android(configure: Action<BaseAppModuleExtension>): Unit' is deprecated. Replaced by com.android.build.api.dsl.ApplicationExtension.
This class is not used for the public extensions in AGP when android.newDsl=true, which is the default in AGP 9.0, and will be removed in AGP 10.0.
w: file:///E:/VPN/v2rayNG/V2rayNG/app/build.gradle.kts:68:21: 'fun srcDirs(vararg srcDirs: Any): Any' is deprecated. Use `directories` mutable set instead.
WARNING: The property android.dependency.excludeLibraryComponentsFromConstraints improves project import performance for very large projects. It should be enabled to improve performance.
To suppress this warning, add android.generateSyncIssueWhenLibraryConstraintsAreEnabled=false to gradle.properties
WARNING: The property android.dependency.excludeLibraryComponentsFromConstraints improves project import performance for very large projects. It should be enabled to improve performance.
To suppress this warning, add android.generateSyncIssueWhenLibraryConstraintsAreEnabled=false to gradle.properties
WARNING: The property android.dependency.excludeLibraryComponentsFromConstraints improves project import performance for very large projects. It should be enabled to improve performance.
To suppress this warning, add android.generateSyncIssueWhenLibraryConstraintsAreEnabled=false to gradle.properties
WARNING: The property android.dependency.excludeLibraryComponentsFromConstraints improves project import performance for very large projects. It should be enabled to improve performance.
To suppress this warning, add android.generateSyncIssueWhenLibraryConstraintsAreEnabled=false to gradle.properties
WARNING: The property android.dependency.excludeLibraryComponentsFromConstraints improves project import performance for very large projects. It should be enabled to improve performance.
To suppress this warning, add android.generateSyncIssueWhenLibraryConstraintsAreEnabled=false to gradle.properties
WARNING: The property android.dependency.excludeLibraryComponentsFromConstraints improves project import performance for very large projects. It should be enabled to improve performance.
To suppress this warning, add android.generateSyncIssueWhenLibraryConstraintsAreEnabled=false to gradle.properties
WARNING: The property android.dependency.excludeLibraryComponentsFromConstraints improves project import performance for very large projects. It should be enabled to improve performance.
To suppress this warning, add android.generateSyncIssueWhenLibraryConstraintsAreEnabled=false to gradle.properties
WARNING: The property android.dependency.excludeLibraryComponentsFromConstraints improves project import performance for very large projects. It should be enabled to improve performance.
To suppress this warning, add android.generateSyncIssueWhenLibraryConstraintsAreEnabled=false to gradle.properties
WARNING: The multidex library is included as a dependency, but it is not needed for apps
with minSdk >= 21. Please remove dependency 'androidx.multidex:multidex:2.0.1' from ':app'.
See https://developer.android.com/build/multidex for more information.
w: Deprecated 'org.jetbrains.kotlin.android' plugin usage
The 'org.jetbrains.kotlin.android' plugin in project ':app' is no longer required for Kotlin support since AGP 9.0.
Solution: Remove both `android.builtInKotlin=true` and `android.newDsl=false` from `gradle.properties`, then migrate to built-in Kotlin.
See https://kotl.in/gradle/agp-built-in-kotlin for more details.


> Task :app:preBuild UP-TO-DATE
> Task :app:preFdroidDebugBuild UP-TO-DATE
> Task :app:mergeFdroidDebugNativeDebugMetadata NO-SOURCE
> Task :app:checkKotlinGradlePluginConfigurationErrors SKIPPED
> Task :app:dataBindingMergeDependencyArtifactsFdroidDebug UP-TO-DATE
> Task :app:generateFdroidDebugResValues UP-TO-DATE
> Task :app:generateFdroidDebugResources UP-TO-DATE
> Task :app:mergeFdroidDebugResources UP-TO-DATE
> Task :app:packageFdroidDebugResources UP-TO-DATE
> Task :app:processFdroidDebugNavigationResources UP-TO-DATE
> Task :app:parseFdroidDebugLocalResources UP-TO-DATE
> Task :app:dataBindingGenBaseClassesFdroidDebug UP-TO-DATE
> Task :app:generateFdroidDebugBuildConfig
> Task :app:checkFdroidDebugAarMetadata UP-TO-DATE
> Task :app:mapFdroidDebugSourceSetPaths UP-TO-DATE
> Task :app:compileFdroidDebugNavigationResources UP-TO-DATE
> Task :app:createFdroidDebugCompatibleScreenManifests UP-TO-DATE
> Task :app:extractDeepLinksFdroidDebug UP-TO-DATE
> Task :app:processFdroidDebugMainManifest UP-TO-DATE
> Task :app:processFdroidDebugManifest UP-TO-DATE
> Task :app:processFdroidDebugManifestForPackage UP-TO-DATE
> Task :app:processFdroidDebugResources UP-TO-DATE
> Task :app:javaPreCompileFdroidDebug UP-TO-DATE
> Task :app:generateFdroidDebugAssets UP-TO-DATE
> Task :app:mergeFdroidDebugAssets UP-TO-DATE
> Task :app:compressFdroidDebugAssets UP-TO-DATE
> Task :app:generateFdroidDebugGlobalSynthetics UP-TO-DATE
> Task :app:l8DexDesugarLibFdroidDebug UP-TO-DATE
> Task :app:checkFdroidDebugDuplicateClasses UP-TO-DATE
> Task :app:desugarFdroidDebugFileDependencies UP-TO-DATE
> Task :app:mergeExtDexFdroidDebug UP-TO-DATE
> Task :app:mergeLibDexFdroidDebug UP-TO-DATE
> Task :app:mergeFdroidDebugJniLibFolders UP-TO-DATE
> Task :app:mergeFdroidDebugNativeLibs UP-TO-DATE
> Task :app:stripFdroidDebugDebugSymbols UP-TO-DATE
> Task :app:validateSigningFdroidDebug UP-TO-DATE
> Task :app:writeFdroidDebugAppMetadata UP-TO-DATE
> Task :app:writeFdroidDebugSigningConfigVersions UP-TO-DATE

> Task :app:compileFdroidDebugKotlin
w: file:///E:/VPN/v2rayNG/V2rayNG/app/src/main/java/com/v2ray/ang/ui/BackupActivity.kt:296:73 Elvis operator (?:) always returns the left operand of non-nullable type 'String'.
w: file:///E:/VPN/v2rayNG/V2rayNG/app/src/main/java/com/v2ray/ang/util/HttpUtil.kt:128:37 Unnecessary safe call on a non-null receiver of type 'ResponseBody'.
w: file:///E:/VPN/v2rayNG/V2rayNG/app/src/main/java/com/v2ray/ang/util/HttpUtil.kt:186:45 Unnecessary safe call on a non-null receiver of type 'ResponseBody'.
w: file:///E:/VPN/v2rayNG/V2rayNG/app/src/main/java/com/v2ray/ang/util/HttpUtil.kt:282:42 Elvis operator (?:) always returns the left operand of non-nullable type 'ResponseBody'.

> Task :app:compileFdroidDebugJavaWithJavac
> Task :app:processFdroidDebugJavaRes UP-TO-DATE
> Task :app:mergeFdroidDebugJavaResource UP-TO-DATE
> Task :app:dexBuilderFdroidDebug
> Task :app:mergeProjectDexFdroidDebug
> Task :app:packageFdroidDebug
> Task :app:createFdroidDebugApkListingFileRedirect UP-TO-DATE
> Task :app:assembleFdroidDebug

[Incubating] Problems report is available at: file:///E:/VPN/v2rayNG/V2rayNG/build/reports/problems/problems-report.html

BUILD SUCCESSFUL in 1m 5s
41 actionable tasks: 6 executed, 35 up-to-date
Consider enabling configuration cache to speed up this build: https://docs.gradle.org/9.5.1/userguide/configuration_cache_enabling.html
RC=0 
